<?xml version="1.0" encoding="ISO-8859-1" ?>
<link_info>
   <banner>TI ARM Linker PC v20.2.7.LTS</banner>
   <copyright>Copyright (c) 1996-2018 Texas Instruments Incorporated</copyright>
   <link_time>0x67129acc</link_time>
   <link_errors>0x0</link_errors>
   <output_file>ADC_test.out</output_file>
   <entry_point>
      <name>_c_int00_noargs</name>
      <address>0x5af5</address>
   </entry_point>
   <input_file_list>
      <input_file id="fl-2">
         <path>.\</path>
         <kind>object</kind>
         <file>main.obj</file>
         <name>main.obj</name>
      </input_file>
      <input_file id="fl-3">
         <path>.\</path>
         <kind>object</kind>
         <file>tm4c123gh6pm_startup_ccs.obj</file>
         <name>tm4c123gh6pm_startup_ccs.obj</name>
      </input_file>
      <input_file id="fl-4">
         <path>.\FreeRTOS\Source\</path>
         <kind>object</kind>
         <file>event_groups.obj</file>
         <name>event_groups.obj</name>
      </input_file>
      <input_file id="fl-5">
         <path>.\FreeRTOS\Source\</path>
         <kind>object</kind>
         <file>list.obj</file>
         <name>list.obj</name>
      </input_file>
      <input_file id="fl-6">
         <path>.\FreeRTOS\Source\</path>
         <kind>object</kind>
         <file>queue.obj</file>
         <name>queue.obj</name>
      </input_file>
      <input_file id="fl-7">
         <path>.\FreeRTOS\Source\</path>
         <kind>object</kind>
         <file>tasks.obj</file>
         <name>tasks.obj</name>
      </input_file>
      <input_file id="fl-8">
         <path>.\FreeRTOS\Source\</path>
         <kind>object</kind>
         <file>timers.obj</file>
         <name>timers.obj</name>
      </input_file>
      <input_file id="fl-9">
         <path>.\FreeRTOS\Source\portable\CCS\ARM_CM4F\</path>
         <kind>object</kind>
         <file>port.obj</file>
         <name>port.obj</name>
      </input_file>
      <input_file id="fl-a">
         <path>.\FreeRTOS\Source\portable\CCS\ARM_CM4F\</path>
         <kind>object</kind>
         <file>portasm.obj</file>
         <name>portasm.obj</name>
      </input_file>
      <input_file id="fl-b">
         <path>.\FreeRTOS\Source\portable\MemMang\</path>
         <kind>object</kind>
         <file>heap_2.obj</file>
         <name>heap_2.obj</name>
      </input_file>
      <input_file id="fl-c">
         <path>.\MCAL\ADC\</path>
         <kind>object</kind>
         <file>adc.obj</file>
         <name>adc.obj</name>
      </input_file>
      <input_file id="fl-d">
         <path>.\MCAL\GPIO\</path>
         <kind>object</kind>
         <file>gpio.obj</file>
         <name>gpio.obj</name>
      </input_file>
      <input_file id="fl-e">
         <path>.\MCAL\GPTM\</path>
         <kind>object</kind>
         <file>GPTM.obj</file>
         <name>GPTM.obj</name>
      </input_file>
      <input_file id="fl-f">
         <path>.\MCAL\UART\</path>
         <kind>object</kind>
         <file>uart0.obj</file>
         <name>uart0.obj</name>
      </input_file>
      <input_file id="fl-13">
         <kind>object</kind>
         <file>&lt;internal&gt;</file>
         <name>&lt;internal&gt;</name>
      </input_file>
      <input_file id="fl-c9">
         <path>D:\ti\ccs1271\ccs\tools\compiler\ti-cgt-arm_20.2.7.LTS\lib\</path>
         <kind>archive</kind>
         <file>rtsv7M4_T_le_v4SPD16_eabi.lib</file>
         <name>fd_mul_t2.asm.obj</name>
      </input_file>
      <input_file id="fl-ca">
         <path>D:\ti\ccs1271\ccs\tools\compiler\ti-cgt-arm_20.2.7.LTS\lib\</path>
         <kind>archive</kind>
         <file>rtsv7M4_T_le_v4SPD16_eabi.lib</file>
         <name>fd_tou_t2.asm.obj</name>
      </input_file>
      <input_file id="fl-cb">
         <path>D:\ti\ccs1271\ccs\tools\compiler\ti-cgt-arm_20.2.7.LTS\lib\</path>
         <kind>archive</kind>
         <file>rtsv7M4_T_le_v4SPD16_eabi.lib</file>
         <name>ll_mul_t2.asm.obj</name>
      </input_file>
      <input_file id="fl-cc">
         <path>D:\ti\ccs1271\ccs\tools\compiler\ti-cgt-arm_20.2.7.LTS\lib\</path>
         <kind>archive</kind>
         <file>rtsv7M4_T_le_v4SPD16_eabi.lib</file>
         <name>memcpy_t2.asm.obj</name>
      </input_file>
      <input_file id="fl-cd">
         <path>D:\ti\ccs1271\ccs\tools\compiler\ti-cgt-arm_20.2.7.LTS\lib\</path>
         <kind>archive</kind>
         <file>rtsv7M4_T_le_v4SPD16_eabi.lib</file>
         <name>u_tofd_t2.asm.obj</name>
      </input_file>
      <input_file id="fl-ce">
         <path>D:\ti\ccs1271\ccs\tools\compiler\ti-cgt-arm_20.2.7.LTS\lib\</path>
         <kind>archive</kind>
         <file>rtsv7M4_T_le_v4SPD16_eabi.lib</file>
         <name>memset_t2.asm.obj</name>
      </input_file>
      <input_file id="fl-cf">
         <path>D:\ti\ccs1271\ccs\tools\compiler\ti-cgt-arm_20.2.7.LTS\lib\</path>
         <kind>archive</kind>
         <file>rtsv7M4_T_le_v4SPD16_eabi.lib</file>
         <name>ll_div_t2.asm.obj</name>
      </input_file>
      <input_file id="fl-d0">
         <path>D:\ti\ccs1271\ccs\tools\compiler\ti-cgt-arm_20.2.7.LTS\lib\</path>
         <kind>archive</kind>
         <file>rtsv7M4_T_le_v4SPD16_eabi.lib</file>
         <name>ull_div_t2.asm.obj</name>
      </input_file>
      <input_file id="fl-d1">
         <path>D:\ti\ccs1271\ccs\tools\compiler\ti-cgt-arm_20.2.7.LTS\lib\</path>
         <kind>archive</kind>
         <file>rtsv7M4_T_le_v4SPD16_eabi.lib</file>
         <name>copy_zero_init.c.obj</name>
      </input_file>
      <input_file id="fl-d2">
         <path>D:\ti\ccs1271\ccs\tools\compiler\ti-cgt-arm_20.2.7.LTS\lib\</path>
         <kind>archive</kind>
         <file>rtsv7M4_T_le_v4SPD16_eabi.lib</file>
         <name>copy_decompress_none.c.obj</name>
      </input_file>
      <input_file id="fl-d3">
         <path>D:\ti\ccs1271\ccs\tools\compiler\ti-cgt-arm_20.2.7.LTS\lib\</path>
         <kind>archive</kind>
         <file>rtsv7M4_T_le_v4SPD16_eabi.lib</file>
         <name>copy_decompress_lzss.c.obj</name>
      </input_file>
      <input_file id="fl-d4">
         <path>D:\ti\ccs1271\ccs\tools\compiler\ti-cgt-arm_20.2.7.LTS\lib\</path>
         <kind>archive</kind>
         <file>rtsv7M4_T_le_v4SPD16_eabi.lib</file>
         <name>boot_cortex_m.c.obj</name>
      </input_file>
      <input_file id="fl-d5">
         <path>D:\ti\ccs1271\ccs\tools\compiler\ti-cgt-arm_20.2.7.LTS\lib\</path>
         <kind>archive</kind>
         <file>rtsv7M4_T_le_v4SPD16_eabi.lib</file>
         <name>div0.asm.obj</name>
      </input_file>
      <input_file id="fl-d6">
         <path>D:\ti\ccs1271\ccs\tools\compiler\ti-cgt-arm_20.2.7.LTS\lib\</path>
         <kind>archive</kind>
         <file>rtsv7M4_T_le_v4SPD16_eabi.lib</file>
         <name>autoinit.c.obj</name>
      </input_file>
      <input_file id="fl-d7">
         <path>D:\ti\ccs1271\ccs\tools\compiler\ti-cgt-arm_20.2.7.LTS\lib\</path>
         <kind>archive</kind>
         <file>rtsv7M4_T_le_v4SPD16_eabi.lib</file>
         <name>pre_init.c.obj</name>
      </input_file>
      <input_file id="fl-d8">
         <path>D:\ti\ccs1271\ccs\tools\compiler\ti-cgt-arm_20.2.7.LTS\lib\</path>
         <kind>archive</kind>
         <file>rtsv7M4_T_le_v4SPD16_eabi.lib</file>
         <name>cpy_tbl.c.obj</name>
      </input_file>
      <input_file id="fl-d9">
         <path>D:\ti\ccs1271\ccs\tools\compiler\ti-cgt-arm_20.2.7.LTS\lib\</path>
         <kind>archive</kind>
         <file>rtsv7M4_T_le_v4SPD16_eabi.lib</file>
         <name>exit.c.obj</name>
      </input_file>
      <input_file id="fl-da">
         <path>D:\ti\ccs1271\ccs\tools\compiler\ti-cgt-arm_20.2.7.LTS\lib\</path>
         <kind>archive</kind>
         <file>rtsv7M4_T_le_v4SPD16_eabi.lib</file>
         <name>_lock.c.obj</name>
      </input_file>
      <input_file id="fl-db">
         <path>D:\ti\ccs1271\ccs\tools\compiler\ti-cgt-arm_20.2.7.LTS\lib\</path>
         <kind>archive</kind>
         <file>rtsv7M4_T_le_v4SPD16_eabi.lib</file>
         <name>args_main.c.obj</name>
      </input_file>
   </input_file_list>
   <object_component_list>
      <object_component id="oc-12">
         <name>.intvecs</name>
         <load_address>0x0</load_address>
         <run_address>0x0</run_address>
         <size>0x26c</size>
         <input_file_ref idref="fl-3"/>
      </object_component>
      <object_component id="oc-85">
         <name>.text</name>
         <load_address>0x26c</load_address>
         <run_address>0x26c</run_address>
         <size>0x1e5c</size>
         <input_file_ref idref="fl-7"/>
      </object_component>
      <object_component id="oc-a5">
         <name>.text</name>
         <load_address>0x20c8</load_address>
         <run_address>0x20c8</run_address>
         <size>0xf2e</size>
         <input_file_ref idref="fl-6"/>
      </object_component>
      <object_component id="oc-25e">
         <name>.text</name>
         <load_address>0x2ff6</load_address>
         <run_address>0x2ff6</run_address>
         <size>0x2</size>
         <input_file_ref idref="fl-d5"/>
      </object_component>
      <object_component id="oc-38">
         <name>.text</name>
         <load_address>0x2ff8</load_address>
         <run_address>0x2ff8</run_address>
         <size>0xc44</size>
         <input_file_ref idref="fl-2"/>
      </object_component>
      <object_component id="oc-f1">
         <name>.text</name>
         <load_address>0x3c3c</load_address>
         <run_address>0x3c3c</run_address>
         <size>0x7bc</size>
         <input_file_ref idref="fl-8"/>
      </object_component>
      <object_component id="oc-ab">
         <name>.text</name>
         <load_address>0x43f8</load_address>
         <run_address>0x43f8</run_address>
         <size>0x4fe</size>
         <input_file_ref idref="fl-4"/>
      </object_component>
      <object_component id="oc-c3">
         <name>.text</name>
         <load_address>0x48f8</load_address>
         <run_address>0x48f8</run_address>
         <size>0x2d0</size>
         <input_file_ref idref="fl-d"/>
      </object_component>
      <object_component id="oc-32">
         <name>.text</name>
         <load_address>0x4bc8</load_address>
         <run_address>0x4bc8</run_address>
         <size>0x2b0</size>
         <input_file_ref idref="fl-9"/>
      </object_component>
      <object_component id="oc-140">
         <name>.text</name>
         <load_address>0x4e78</load_address>
         <run_address>0x4e78</run_address>
         <size>0x28c</size>
         <input_file_ref idref="fl-b"/>
      </object_component>
      <object_component id="oc-bd">
         <name>.text</name>
         <load_address>0x5104</load_address>
         <run_address>0x5104</run_address>
         <size>0x1c8</size>
         <input_file_ref idref="fl-c"/>
      </object_component>
      <object_component id="oc-b7">
         <name>.text</name>
         <load_address>0x52cc</load_address>
         <run_address>0x52cc</run_address>
         <size>0x1c8</size>
         <input_file_ref idref="fl-f"/>
      </object_component>
      <object_component id="oc-146">
         <name>.text</name>
         <load_address>0x5494</load_address>
         <run_address>0x5494</run_address>
         <size>0x12a</size>
         <input_file_ref idref="fl-5"/>
      </object_component>
      <object_component id="oc-e3">
         <name>.text</name>
         <load_address>0x55be</load_address>
         <run_address>0x55be</run_address>
         <size>0xfc</size>
         <input_file_ref idref="fl-c9"/>
      </object_component>
      <object_component id="oc-2d">
         <name>.text</name>
         <load_address>0x56bc</load_address>
         <run_address>0x56bc</run_address>
         <size>0xda</size>
         <input_file_ref idref="fl-a"/>
      </object_component>
      <object_component id="oc-4c">
         <name>.text</name>
         <load_address>0x5796</load_address>
         <run_address>0x5796</run_address>
         <size>0x9c</size>
         <input_file_ref idref="fl-cc"/>
      </object_component>
      <object_component id="oc-263">
         <name>.text</name>
         <load_address>0x5832</load_address>
         <run_address>0x5832</run_address>
         <size>0x96</size>
         <input_file_ref idref="fl-d0"/>
      </object_component>
      <object_component id="oc-11e">
         <name>.text</name>
         <load_address>0x58c8</load_address>
         <run_address>0x58c8</run_address>
         <size>0x7a</size>
         <input_file_ref idref="fl-ce"/>
      </object_component>
      <object_component id="oc-199">
         <name>.text</name>
         <load_address>0x5942</load_address>
         <run_address>0x5942</run_address>
         <size>0x6e</size>
         <input_file_ref idref="fl-cf"/>
      </object_component>
      <object_component id="oc-15">
         <name>.text:decompress:lzss:__TI_decompress_lzss</name>
         <load_address>0x59b0</load_address>
         <run_address>0x59b0</run_address>
         <size>0x68</size>
         <input_file_ref idref="fl-d3"/>
      </object_component>
      <object_component id="oc-b1">
         <name>.text</name>
         <load_address>0x5a18</load_address>
         <run_address>0x5a18</run_address>
         <size>0x54</size>
         <input_file_ref idref="fl-e"/>
      </object_component>
      <object_component id="oc-1ed">
         <name>.text:__TI_auto_init_nobinit_nopinit:__TI_auto_init_nobinit_nopinit</name>
         <load_address>0x5a6c</load_address>
         <run_address>0x5a6c</run_address>
         <size>0x44</size>
         <input_file_ref idref="fl-d6"/>
      </object_component>
      <object_component id="oc-e8">
         <name>.text</name>
         <load_address>0x5ab0</load_address>
         <run_address>0x5ab0</run_address>
         <size>0x44</size>
         <input_file_ref idref="fl-ca"/>
      </object_component>
      <object_component id="oc-6a">
         <name>.text:_c_int00_noargs:_c_int00_noargs</name>
         <load_address>0x5af4</load_address>
         <run_address>0x5af4</run_address>
         <size>0x34</size>
         <input_file_ref idref="fl-d4"/>
      </object_component>
      <object_component id="oc-de">
         <name>.text</name>
         <load_address>0x5b28</load_address>
         <run_address>0x5b28</run_address>
         <size>0x20</size>
         <input_file_ref idref="fl-cd"/>
      </object_component>
      <object_component id="oc-a0">
         <name>.text</name>
         <load_address>0x5b48</load_address>
         <run_address>0x5b48</run_address>
         <size>0x18</size>
         <input_file_ref idref="fl-cb"/>
      </object_component>
      <object_component id="oc-1b">
         <name>.text:decompress:none:__TI_decompress_none</name>
         <load_address>0x5b60</load_address>
         <run_address>0x5b60</run_address>
         <size>0xe</size>
         <input_file_ref idref="fl-d2"/>
      </object_component>
      <object_component id="oc-5e">
         <name>.text:decompress:ZI:__TI_zero_init</name>
         <load_address>0x5b6e</load_address>
         <run_address>0x5b6e</run_address>
         <size>0xc</size>
         <input_file_ref idref="fl-d1"/>
      </object_component>
      <object_component id="oc-27">
         <name>.text</name>
         <load_address>0x5b7a</load_address>
         <run_address>0x5b7a</run_address>
         <size>0xc</size>
         <input_file_ref idref="fl-3"/>
      </object_component>
      <object_component id="oc-124">
         <name>.text:_system_pre_init</name>
         <load_address>0x5b86</load_address>
         <run_address>0x5b86</run_address>
         <size>0x4</size>
         <input_file_ref idref="fl-d7"/>
      </object_component>
      <object_component id="oc-1e1">
         <name>.text:abort:abort</name>
         <load_address>0x5b8a</load_address>
         <run_address>0x5b8a</run_address>
         <size>0x4</size>
         <input_file_ref idref="fl-d9"/>
      </object_component>
      <object_component id="oc-82">
         <name>.const</name>
         <load_address>0x5b90</load_address>
         <run_address>0x5b90</run_address>
         <size>0x8</size>
         <input_file_ref idref="fl-9"/>
      </object_component>
      <object_component id="oc-159">
         <name>.const</name>
         <load_address>0x5b98</load_address>
         <run_address>0x5b98</run_address>
         <size>0x4</size>
         <input_file_ref idref="fl-7"/>
      </object_component>
      <object_component id="oc-305">
         <name>.cinit..data.load</name>
         <load_address>0x5ba0</load_address>
         <run_address>0x5ba0</run_address>
         <size>0x1b</size>
      </object_component>
      <object_component id="oc-303">
         <name>__TI_handler_table</name>
         <load_address>0x5bbc</load_address>
         <run_address>0x5bbc</run_address>
         <size>0xc</size>
      </object_component>
      <object_component id="oc-306">
         <name>.cinit..bss.load</name>
         <load_address>0x5bc8</load_address>
         <run_address>0x5bc8</run_address>
         <size>0x8</size>
      </object_component>
      <object_component id="oc-304">
         <name>__TI_cinit_table</name>
         <load_address>0x5bd0</load_address>
         <run_address>0x5bd0</run_address>
         <size>0x10</size>
      </object_component>
      <object_component id="oc-d7">
         <name>.data</name>
         <load_address>0x20003ff4</load_address>
         <run_address>0x20003ff4</run_address>
         <size>0x10</size>
         <input_file_ref idref="fl-2"/>
      </object_component>
      <object_component id="oc-7f">
         <name>.data</name>
         <load_address>0x20003fc0</load_address>
         <run_address>0x20003fc0</run_address>
         <size>0x34</size>
         <input_file_ref idref="fl-7"/>
      </object_component>
      <object_component id="oc-1b9">
         <name>.data</name>
         <load_address>0x20004010</load_address>
         <run_address>0x20004010</run_address>
         <size>0xc</size>
         <input_file_ref idref="fl-8"/>
      </object_component>
      <object_component id="oc-8c">
         <name>.data</name>
         <load_address>0x20004004</load_address>
         <run_address>0x20004004</run_address>
         <size>0xc</size>
         <input_file_ref idref="fl-9"/>
      </object_component>
      <object_component id="oc-230">
         <name>.data</name>
         <load_address>0x2000401c</load_address>
         <run_address>0x2000401c</run_address>
         <size>0x8</size>
         <input_file_ref idref="fl-b"/>
      </object_component>
      <object_component id="oc-14c">
         <name>.bss:pxReadyTasksLists</name>
         <uninitialized>true</uninitialized>
         <run_address>0x20003c00</run_address>
         <size>0x64</size>
         <input_file_ref idref="fl-7"/>
      </object_component>
      <object_component id="oc-160">
         <name>.bss:xDelayedTaskList1</name>
         <uninitialized>true</uninitialized>
         <run_address>0x20003cf8</run_address>
         <size>0x14</size>
         <input_file_ref idref="fl-7"/>
      </object_component>
      <object_component id="oc-163">
         <name>.bss:xDelayedTaskList2</name>
         <uninitialized>true</uninitialized>
         <run_address>0x20003d0c</run_address>
         <size>0x14</size>
         <input_file_ref idref="fl-7"/>
      </object_component>
      <object_component id="oc-15c">
         <name>.bss</name>
         <uninitialized>true</uninitialized>
         <run_address>0x20003d5c</run_address>
         <size>0x8</size>
         <input_file_ref idref="fl-7"/>
      </object_component>
      <object_component id="oc-155">
         <name>.bss:xPendingReadyList</name>
         <uninitialized>true</uninitialized>
         <run_address>0x20003d20</run_address>
         <size>0x14</size>
         <input_file_ref idref="fl-7"/>
      </object_component>
      <object_component id="oc-14f">
         <name>.bss:xTasksWaitingTermination</name>
         <uninitialized>true</uninitialized>
         <run_address>0x20003d48</run_address>
         <size>0x14</size>
         <input_file_ref idref="fl-7"/>
      </object_component>
      <object_component id="oc-152">
         <name>.bss:xSuspendedTaskList</name>
         <uninitialized>true</uninitialized>
         <run_address>0x20003d34</run_address>
         <size>0x14</size>
         <input_file_ref idref="fl-7"/>
      </object_component>
      <object_component id="oc-1bf">
         <name>.bss:xActiveTimerList1</name>
         <uninitialized>true</uninitialized>
         <run_address>0x20003cd0</run_address>
         <size>0x14</size>
         <input_file_ref idref="fl-8"/>
      </object_component>
      <object_component id="oc-1c2">
         <name>.bss:xActiveTimerList2</name>
         <uninitialized>true</uninitialized>
         <run_address>0x20003ce4</run_address>
         <size>0x14</size>
         <input_file_ref idref="fl-8"/>
      </object_component>
      <object_component id="oc-1bc">
         <name>.bss</name>
         <uninitialized>true</uninitialized>
         <run_address>0x20003d64</run_address>
         <size>0x8</size>
         <input_file_ref idref="fl-8"/>
      </object_component>
      <object_component id="oc-239">
         <name>.bss:ucHeap</name>
         <uninitialized>true</uninitialized>
         <run_address>0x20000000</run_address>
         <size>0x3c00</size>
         <input_file_ref idref="fl-b"/>
      </object_component>
      <object_component id="oc-233">
         <name>.bss:xStart</name>
         <uninitialized>true</uninitialized>
         <run_address>0x20003d74</run_address>
         <size>0x8</size>
         <input_file_ref idref="fl-b"/>
      </object_component>
      <object_component id="oc-236">
         <name>.bss:xEnd</name>
         <uninitialized>true</uninitialized>
         <run_address>0x20003d6c</run_address>
         <size>0x8</size>
         <input_file_ref idref="fl-b"/>
      </object_component>
      <object_component id="oc-c9">
         <name>.common:xDriverHeaterSemaphore</name>
         <uninitialized>true</uninitialized>
         <run_address>0x20003d98</run_address>
         <size>0x4</size>
      </object_component>
      <object_component id="oc-cc">
         <name>.common:xPassengerHeaterSemaphore</name>
         <uninitialized>true</uninitialized>
         <run_address>0x20003da8</run_address>
         <size>0x4</size>
      </object_component>
      <object_component id="oc-cd">
         <name>.common:xDesiredHeaterLevelHandle</name>
         <uninitialized>true</uninitialized>
         <run_address>0x20003d94</run_address>
         <size>0x4</size>
      </object_component>
      <object_component id="oc-d0">
         <name>.common:xHeaterIntensityDriverHandle</name>
         <uninitialized>true</uninitialized>
         <run_address>0x20003da0</run_address>
         <size>0x4</size>
      </object_component>
      <object_component id="oc-d1">
         <name>.common:xHeaterIntensityPassengerHandle</name>
         <uninitialized>true</uninitialized>
         <run_address>0x20003da4</run_address>
         <size>0x4</size>
      </object_component>
      <object_component id="oc-ce">
         <name>.common:xADC_GetSensorValueHandle</name>
         <uninitialized>true</uninitialized>
         <run_address>0x20003d8c</run_address>
         <size>0x4</size>
      </object_component>
      <object_component id="oc-d2">
         <name>.common:xPrintTemperatureHandle</name>
         <uninitialized>true</uninitialized>
         <run_address>0x20003db0</run_address>
         <size>0x4</size>
      </object_component>
      <object_component id="oc-d3">
         <name>.common:xDriverTemperatureSensorFailureHandle</name>
         <uninitialized>true</uninitialized>
         <run_address>0x20003d9c</run_address>
         <size>0x4</size>
      </object_component>
      <object_component id="oc-d4">
         <name>.common:xPassengerTemperatureSensorFailureHandle</name>
         <uninitialized>true</uninitialized>
         <run_address>0x20003dac</run_address>
         <size>0x4</size>
      </object_component>
      <object_component id="oc-d5">
         <name>.common:xRunTimeMeasurementsHandle</name>
         <uninitialized>true</uninitialized>
         <run_address>0x20003db4</run_address>
         <size>0x4</size>
      </object_component>
      <object_component id="oc-cf">
         <name>.common:xButtonsEventGroups</name>
         <uninitialized>true</uninitialized>
         <run_address>0x20003d90</run_address>
         <size>0x4</size>
      </object_component>
      <object_component id="oc-da">
         <name>.common:ui8DriverFailureFlag</name>
         <uninitialized>true</uninitialized>
         <run_address>0x20003db8</run_address>
         <size>0x1</size>
      </object_component>
      <object_component id="oc-ee">
         <name>.common:ui8DriverStateBeforeFailure</name>
         <uninitialized>true</uninitialized>
         <run_address>0x20003db9</run_address>
         <size>0x1</size>
      </object_component>
      <object_component id="oc-ed">
         <name>.common:ui32DriverFailureTime</name>
         <uninitialized>true</uninitialized>
         <run_address>0x20003d84</run_address>
         <size>0x4</size>
      </object_component>
      <object_component id="oc-db">
         <name>.common:ui8PassengerFailureFlag</name>
         <uninitialized>true</uninitialized>
         <run_address>0x20003dba</run_address>
         <size>0x1</size>
      </object_component>
      <object_component id="oc-f0">
         <name>.common:ui8PassengerStateBeforeFailure</name>
         <uninitialized>true</uninitialized>
         <run_address>0x20003dbb</run_address>
         <size>0x1</size>
      </object_component>
      <object_component id="oc-ef">
         <name>.common:ui32PassengerFailureTime</name>
         <uninitialized>true</uninitialized>
         <run_address>0x20003d88</run_address>
         <size>0x4</size>
      </object_component>
      <object_component id="oc-dc">
         <name>.common:u32ADC_DriverValue</name>
         <uninitialized>true</uninitialized>
         <run_address>0x20003d7c</run_address>
         <size>0x4</size>
      </object_component>
      <object_component id="oc-dd">
         <name>.common:u32ADC_PassengerValue</name>
         <uninitialized>true</uninitialized>
         <run_address>0x20003d80</run_address>
         <size>0x4</size>
      </object_component>
      <object_component id="oc-15f">
         <name>.common:ullTasksOutTime</name>
         <uninitialized>true</uninitialized>
         <run_address>0x20003c88</run_address>
         <size>0x24</size>
      </object_component>
      <object_component id="oc-158">
         <name>.common:ullTasksInTime</name>
         <uninitialized>true</uninitialized>
         <run_address>0x20003c64</run_address>
         <size>0x24</size>
      </object_component>
      <object_component id="oc-d6">
         <name>.common:ullTasksTotalTime</name>
         <uninitialized>true</uninitialized>
         <run_address>0x20003cac</run_address>
         <size>0x24</size>
      </object_component>
      <object_component id="oc-24">
         <name>.stack</name>
         <uninitialized>true</uninitialized>
         <run_address>0x20003dc0</run_address>
         <size>0x4</size>
         <input_file_ref idref="fl-d4"/>
      </object_component>
      <object_component id="oc-308">
         <name>.stack</name>
         <uninitialized>true</uninitialized>
         <run_address>0x20003dc0</run_address>
         <size>0x0</size>
      </object_component>
      <object_component id="oc-ca">
         <name>.debug_info</name>
         <load_address>0x0</load_address>
         <run_address>0x0</run_address>
         <size>0x1179</size>
         <input_file_ref idref="fl-2"/>
      </object_component>
      <object_component id="oc-d8">
         <name>.debug_info</name>
         <load_address>0x1179</load_address>
         <run_address>0x1179</run_address>
         <size>0x2ac</size>
         <input_file_ref idref="fl-2"/>
      </object_component>
      <object_component id="oc-39">
         <name>.debug_info</name>
         <load_address>0x1425</load_address>
         <run_address>0x1425</run_address>
         <size>0x19b7</size>
         <input_file_ref idref="fl-2"/>
      </object_component>
      <object_component id="oc-170">
         <name>.debug_info</name>
         <load_address>0x2ddc</load_address>
         <run_address>0x2ddc</run_address>
         <size>0x315</size>
         <input_file_ref idref="fl-2"/>
      </object_component>
      <object_component id="oc-104">
         <name>.debug_info</name>
         <load_address>0x30f1</load_address>
         <run_address>0x30f1</run_address>
         <size>0x26b</size>
         <input_file_ref idref="fl-2"/>
      </object_component>
      <object_component id="oc-17a">
         <name>.debug_info</name>
         <load_address>0x335c</load_address>
         <run_address>0x335c</run_address>
         <size>0x3e3</size>
         <input_file_ref idref="fl-2"/>
      </object_component>
      <object_component id="oc-fd">
         <name>.debug_info</name>
         <load_address>0x373f</load_address>
         <run_address>0x373f</run_address>
         <size>0x42</size>
         <input_file_ref idref="fl-2"/>
      </object_component>
      <object_component id="oc-1a5">
         <name>.debug_info</name>
         <load_address>0x3781</load_address>
         <run_address>0x3781</run_address>
         <size>0x4f</size>
         <input_file_ref idref="fl-2"/>
      </object_component>
      <object_component id="oc-1af">
         <name>.debug_info</name>
         <load_address>0x37d0</load_address>
         <run_address>0x37d0</run_address>
         <size>0x2c</size>
         <input_file_ref idref="fl-2"/>
      </object_component>
      <object_component id="oc-47">
         <name>.debug_info</name>
         <load_address>0x37fc</load_address>
         <run_address>0x37fc</run_address>
         <size>0x84</size>
         <input_file_ref idref="fl-2"/>
      </object_component>
      <object_component id="oc-91">
         <name>.debug_info</name>
         <load_address>0x3880</load_address>
         <run_address>0x3880</run_address>
         <size>0x2c</size>
         <input_file_ref idref="fl-2"/>
      </object_component>
      <object_component id="oc-1aa">
         <name>.debug_info</name>
         <load_address>0x38ac</load_address>
         <run_address>0x38ac</run_address>
         <size>0x4f</size>
         <input_file_ref idref="fl-2"/>
      </object_component>
      <object_component id="oc-17f">
         <name>.debug_info</name>
         <load_address>0x38fb</load_address>
         <run_address>0x38fb</run_address>
         <size>0x2a4</size>
         <input_file_ref idref="fl-2"/>
      </object_component>
      <object_component id="oc-9b">
         <name>.debug_info</name>
         <load_address>0x3b9f</load_address>
         <run_address>0x3b9f</run_address>
         <size>0xbb</size>
         <input_file_ref idref="fl-2"/>
      </object_component>
      <object_component id="oc-f8">
         <name>.debug_info</name>
         <load_address>0x3c5a</load_address>
         <run_address>0x3c5a</run_address>
         <size>0xae</size>
         <input_file_ref idref="fl-2"/>
      </object_component>
      <object_component id="oc-16b">
         <name>.debug_info</name>
         <load_address>0x3d08</load_address>
         <run_address>0x3d08</run_address>
         <size>0x53</size>
         <input_file_ref idref="fl-2"/>
      </object_component>
      <object_component id="oc-96">
         <name>.debug_info</name>
         <load_address>0x3d5b</load_address>
         <run_address>0x3d5b</run_address>
         <size>0x53</size>
         <input_file_ref idref="fl-2"/>
      </object_component>
      <object_component id="oc-175">
         <name>.debug_info</name>
         <load_address>0x3dae</load_address>
         <run_address>0x3dae</run_address>
         <size>0x14c</size>
         <input_file_ref idref="fl-2"/>
      </object_component>
      <object_component id="oc-40">
         <name>.debug_info</name>
         <load_address>0x3efa</load_address>
         <run_address>0x3efa</run_address>
         <size>0x3c2</size>
         <input_file_ref idref="fl-3"/>
      </object_component>
      <object_component id="oc-13">
         <name>.debug_info</name>
         <load_address>0x42bc</load_address>
         <run_address>0x42bc</run_address>
         <size>0xdd</size>
         <input_file_ref idref="fl-3"/>
      </object_component>
      <object_component id="oc-29">
         <name>.debug_info</name>
         <load_address>0x4399</load_address>
         <run_address>0x4399</run_address>
         <size>0x259</size>
         <input_file_ref idref="fl-3"/>
      </object_component>
      <object_component id="oc-197">
         <name>.debug_info</name>
         <load_address>0x45f2</load_address>
         <run_address>0x45f2</run_address>
         <size>0x66a</size>
         <input_file_ref idref="fl-4"/>
      </object_component>
      <object_component id="oc-ac">
         <name>.debug_info</name>
         <load_address>0x4c5c</load_address>
         <run_address>0x4c5c</run_address>
         <size>0x1386</size>
         <input_file_ref idref="fl-4"/>
      </object_component>
      <object_component id="oc-18c">
         <name>.debug_info</name>
         <load_address>0x5fe2</load_address>
         <run_address>0x5fe2</run_address>
         <size>0x110</size>
         <input_file_ref idref="fl-4"/>
      </object_component>
      <object_component id="oc-22b">
         <name>.debug_info</name>
         <load_address>0x60f2</load_address>
         <run_address>0x60f2</run_address>
         <size>0x3e3</size>
         <input_file_ref idref="fl-4"/>
      </object_component>
      <object_component id="oc-259">
         <name>.debug_info</name>
         <load_address>0x64d5</load_address>
         <run_address>0x64d5</run_address>
         <size>0x62</size>
         <input_file_ref idref="fl-4"/>
      </object_component>
      <object_component id="oc-192">
         <name>.debug_info</name>
         <load_address>0x6537</load_address>
         <run_address>0x6537</run_address>
         <size>0x39</size>
         <input_file_ref idref="fl-4"/>
      </object_component>
      <object_component id="oc-23f">
         <name>.debug_info</name>
         <load_address>0x6570</load_address>
         <run_address>0x6570</run_address>
         <size>0x368</size>
         <input_file_ref idref="fl-5"/>
      </object_component>
      <object_component id="oc-147">
         <name>.debug_info</name>
         <load_address>0x68d8</load_address>
         <run_address>0x68d8</run_address>
         <size>0x4e6</size>
         <input_file_ref idref="fl-5"/>
      </object_component>
      <object_component id="oc-18b">
         <name>.debug_info</name>
         <load_address>0x6dbe</load_address>
         <run_address>0x6dbe</run_address>
         <size>0x79b</size>
         <input_file_ref idref="fl-6"/>
      </object_component>
      <object_component id="oc-a6">
         <name>.debug_info</name>
         <load_address>0x7559</load_address>
         <run_address>0x7559</run_address>
         <size>0x2ce4</size>
         <input_file_ref idref="fl-6"/>
      </object_component>
      <object_component id="oc-252">
         <name>.debug_info</name>
         <load_address>0xa23d</load_address>
         <run_address>0xa23d</run_address>
         <size>0x1c7</size>
         <input_file_ref idref="fl-6"/>
      </object_component>
      <object_component id="oc-186">
         <name>.debug_info</name>
         <load_address>0xa404</load_address>
         <run_address>0xa404</run_address>
         <size>0x46</size>
         <input_file_ref idref="fl-6"/>
      </object_component>
      <object_component id="oc-221">
         <name>.debug_info</name>
         <load_address>0xa44a</load_address>
         <run_address>0xa44a</run_address>
         <size>0x35</size>
         <input_file_ref idref="fl-6"/>
      </object_component>
      <object_component id="oc-138">
         <name>.debug_info</name>
         <load_address>0xa47f</load_address>
         <run_address>0xa47f</run_address>
         <size>0x87a</size>
         <input_file_ref idref="fl-7"/>
      </object_component>
      <object_component id="oc-80">
         <name>.debug_info</name>
         <load_address>0xacf9</load_address>
         <run_address>0xacf9</run_address>
         <size>0x33b</size>
         <input_file_ref idref="fl-7"/>
      </object_component>
      <object_component id="oc-14d">
         <name>.debug_info</name>
         <load_address>0xb034</load_address>
         <run_address>0xb034</run_address>
         <size>0xe4</size>
         <input_file_ref idref="fl-7"/>
      </object_component>
      <object_component id="oc-161">
         <name>.debug_info</name>
         <load_address>0xb118</load_address>
         <run_address>0xb118</run_address>
         <size>0xe4</size>
         <input_file_ref idref="fl-7"/>
      </object_component>
      <object_component id="oc-164">
         <name>.debug_info</name>
         <load_address>0xb1fc</load_address>
         <run_address>0xb1fc</run_address>
         <size>0xe4</size>
         <input_file_ref idref="fl-7"/>
      </object_component>
      <object_component id="oc-15d">
         <name>.debug_info</name>
         <load_address>0xb2e0</load_address>
         <run_address>0xb2e0</run_address>
         <size>0x127</size>
         <input_file_ref idref="fl-7"/>
      </object_component>
      <object_component id="oc-156">
         <name>.debug_info</name>
         <load_address>0xb407</load_address>
         <run_address>0xb407</run_address>
         <size>0xe4</size>
         <input_file_ref idref="fl-7"/>
      </object_component>
      <object_component id="oc-150">
         <name>.debug_info</name>
         <load_address>0xb4eb</load_address>
         <run_address>0xb4eb</run_address>
         <size>0xf2</size>
         <input_file_ref idref="fl-7"/>
      </object_component>
      <object_component id="oc-153">
         <name>.debug_info</name>
         <load_address>0xb5dd</load_address>
         <run_address>0xb5dd</run_address>
         <size>0xe6</size>
         <input_file_ref idref="fl-7"/>
      </object_component>
      <object_component id="oc-15a">
         <name>.debug_info</name>
         <load_address>0xb6c3</load_address>
         <run_address>0xb6c3</run_address>
         <size>0xe5</size>
         <input_file_ref idref="fl-7"/>
      </object_component>
      <object_component id="oc-86">
         <name>.debug_info</name>
         <load_address>0xb7a8</load_address>
         <run_address>0xb7a8</run_address>
         <size>0x46f2</size>
         <input_file_ref idref="fl-7"/>
      </object_component>
      <object_component id="oc-139">
         <name>.debug_info</name>
         <load_address>0xfe9a</load_address>
         <run_address>0xfe9a</run_address>
         <size>0x30c</size>
         <input_file_ref idref="fl-7"/>
      </object_component>
      <object_component id="oc-226">
         <name>.debug_info</name>
         <load_address>0x101a6</load_address>
         <run_address>0x101a6</run_address>
         <size>0x106</size>
         <input_file_ref idref="fl-7"/>
      </object_component>
      <object_component id="oc-1cb">
         <name>.debug_info</name>
         <load_address>0x102ac</load_address>
         <run_address>0x102ac</run_address>
         <size>0x819</size>
         <input_file_ref idref="fl-8"/>
      </object_component>
      <object_component id="oc-1c0">
         <name>.debug_info</name>
         <load_address>0x10ac5</load_address>
         <run_address>0x10ac5</run_address>
         <size>0xe4</size>
         <input_file_ref idref="fl-8"/>
      </object_component>
      <object_component id="oc-1c3">
         <name>.debug_info</name>
         <load_address>0x10ba9</load_address>
         <run_address>0x10ba9</run_address>
         <size>0xe4</size>
         <input_file_ref idref="fl-8"/>
      </object_component>
      <object_component id="oc-1bd">
         <name>.debug_info</name>
         <load_address>0x10c8d</load_address>
         <run_address>0x10c8d</run_address>
         <size>0x11c</size>
         <input_file_ref idref="fl-8"/>
      </object_component>
      <object_component id="oc-1ba">
         <name>.debug_info</name>
         <load_address>0x10da9</load_address>
         <run_address>0x10da9</run_address>
         <size>0x108</size>
         <input_file_ref idref="fl-8"/>
      </object_component>
      <object_component id="oc-f4">
         <name>.debug_info</name>
         <load_address>0x10eb1</load_address>
         <run_address>0x10eb1</run_address>
         <size>0x239f</size>
         <input_file_ref idref="fl-8"/>
      </object_component>
      <object_component id="oc-1cc">
         <name>.debug_info</name>
         <load_address>0x13250</load_address>
         <run_address>0x13250</run_address>
         <size>0x1ce</size>
         <input_file_ref idref="fl-8"/>
      </object_component>
      <object_component id="oc-1c6">
         <name>.debug_info</name>
         <load_address>0x1341e</load_address>
         <run_address>0x1341e</run_address>
         <size>0x46</size>
         <input_file_ref idref="fl-8"/>
      </object_component>
      <object_component id="oc-90">
         <name>.debug_info</name>
         <load_address>0x13464</load_address>
         <run_address>0x13464</run_address>
         <size>0x44f</size>
         <input_file_ref idref="fl-9"/>
      </object_component>
      <object_component id="oc-83">
         <name>.debug_info</name>
         <load_address>0x138b3</load_address>
         <run_address>0x138b3</run_address>
         <size>0x159</size>
         <input_file_ref idref="fl-9"/>
      </object_component>
      <object_component id="oc-8d">
         <name>.debug_info</name>
         <load_address>0x13a0c</load_address>
         <run_address>0x13a0c</run_address>
         <size>0x164</size>
         <input_file_ref idref="fl-9"/>
      </object_component>
      <object_component id="oc-33">
         <name>.debug_info</name>
         <load_address>0x13b70</load_address>
         <run_address>0x13b70</run_address>
         <size>0x8f0</size>
         <input_file_ref idref="fl-9"/>
      </object_component>
      <object_component id="oc-2f">
         <name>.debug_info</name>
         <load_address>0x14460</load_address>
         <run_address>0x14460</run_address>
         <size>0x246</size>
         <input_file_ref idref="fl-a"/>
      </object_component>
      <object_component id="oc-23d">
         <name>.debug_info</name>
         <load_address>0x146a6</load_address>
         <run_address>0x146a6</run_address>
         <size>0x43f</size>
         <input_file_ref idref="fl-b"/>
      </object_component>
      <object_component id="oc-23a">
         <name>.debug_info</name>
         <load_address>0x14ae5</load_address>
         <run_address>0x14ae5</run_address>
         <size>0xdf</size>
         <input_file_ref idref="fl-b"/>
      </object_component>
      <object_component id="oc-234">
         <name>.debug_info</name>
         <load_address>0x14bc4</load_address>
         <run_address>0x14bc4</run_address>
         <size>0xdf</size>
         <input_file_ref idref="fl-b"/>
      </object_component>
      <object_component id="oc-237">
         <name>.debug_info</name>
         <load_address>0x14ca3</load_address>
         <run_address>0x14ca3</run_address>
         <size>0xdb</size>
         <input_file_ref idref="fl-b"/>
      </object_component>
      <object_component id="oc-231">
         <name>.debug_info</name>
         <load_address>0x14d7e</load_address>
         <run_address>0x14d7e</run_address>
         <size>0xf9</size>
         <input_file_ref idref="fl-b"/>
      </object_component>
      <object_component id="oc-141">
         <name>.debug_info</name>
         <load_address>0x14e77</load_address>
         <run_address>0x14e77</run_address>
         <size>0x81d</size>
         <input_file_ref idref="fl-b"/>
      </object_component>
      <object_component id="oc-29b">
         <name>.debug_info</name>
         <load_address>0x15694</load_address>
         <run_address>0x15694</run_address>
         <size>0x62</size>
         <input_file_ref idref="fl-b"/>
      </object_component>
      <object_component id="oc-1a1">
         <name>.debug_info</name>
         <load_address>0x156f6</load_address>
         <run_address>0x156f6</run_address>
         <size>0x248</size>
         <input_file_ref idref="fl-c"/>
      </object_component>
      <object_component id="oc-be">
         <name>.debug_info</name>
         <load_address>0x1593e</load_address>
         <run_address>0x1593e</run_address>
         <size>0x313</size>
         <input_file_ref idref="fl-c"/>
      </object_component>
      <object_component id="oc-c5">
         <name>.debug_info</name>
         <load_address>0x15c51</load_address>
         <run_address>0x15c51</run_address>
         <size>0x825</size>
         <input_file_ref idref="fl-d"/>
      </object_component>
      <object_component id="oc-b5">
         <name>.debug_info</name>
         <load_address>0x16476</load_address>
         <run_address>0x16476</run_address>
         <size>0x184</size>
         <input_file_ref idref="fl-e"/>
      </object_component>
      <object_component id="oc-19f">
         <name>.debug_info</name>
         <load_address>0x165fa</load_address>
         <run_address>0x165fa</run_address>
         <size>0x25e</size>
         <input_file_ref idref="fl-f"/>
      </object_component>
      <object_component id="oc-b9">
         <name>.debug_info</name>
         <load_address>0x16858</load_address>
         <run_address>0x16858</run_address>
         <size>0x45e</size>
         <input_file_ref idref="fl-f"/>
      </object_component>
      <object_component id="oc-e6">
         <name>.debug_info</name>
         <load_address>0x16cb6</load_address>
         <run_address>0x16cb6</run_address>
         <size>0x13a</size>
         <input_file_ref idref="fl-c9"/>
      </object_component>
      <object_component id="oc-eb">
         <name>.debug_info</name>
         <load_address>0x16df0</load_address>
         <run_address>0x16df0</run_address>
         <size>0x139</size>
         <input_file_ref idref="fl-ca"/>
      </object_component>
      <object_component id="oc-a2">
         <name>.debug_info</name>
         <load_address>0x16f29</load_address>
         <run_address>0x16f29</run_address>
         <size>0x122</size>
         <input_file_ref idref="fl-cb"/>
      </object_component>
      <object_component id="oc-4d">
         <name>.debug_info</name>
         <load_address>0x1704b</load_address>
         <run_address>0x1704b</run_address>
         <size>0x119</size>
         <input_file_ref idref="fl-cc"/>
      </object_component>
      <object_component id="oc-df">
         <name>.debug_info</name>
         <load_address>0x17164</load_address>
         <run_address>0x17164</run_address>
         <size>0x12e</size>
         <input_file_ref idref="fl-cd"/>
      </object_component>
      <object_component id="oc-11f">
         <name>.debug_info</name>
         <load_address>0x17292</load_address>
         <run_address>0x17292</run_address>
         <size>0x147</size>
         <input_file_ref idref="fl-ce"/>
      </object_component>
      <object_component id="oc-19b">
         <name>.debug_info</name>
         <load_address>0x173d9</load_address>
         <run_address>0x173d9</run_address>
         <size>0x13f</size>
         <input_file_ref idref="fl-cf"/>
      </object_component>
      <object_component id="oc-266">
         <name>.debug_info</name>
         <load_address>0x17518</load_address>
         <run_address>0x17518</run_address>
         <size>0x134</size>
         <input_file_ref idref="fl-d0"/>
      </object_component>
      <object_component id="oc-11d">
         <name>.debug_info</name>
         <load_address>0x1764c</load_address>
         <run_address>0x1764c</run_address>
         <size>0x2d4</size>
         <input_file_ref idref="fl-d1"/>
      </object_component>
      <object_component id="oc-60">
         <name>.debug_info</name>
         <load_address>0x17920</load_address>
         <run_address>0x17920</run_address>
         <size>0x1b5</size>
         <input_file_ref idref="fl-d1"/>
      </object_component>
      <object_component id="oc-118">
         <name>.debug_info</name>
         <load_address>0x17ad5</load_address>
         <run_address>0x17ad5</run_address>
         <size>0x46</size>
         <input_file_ref idref="fl-d1"/>
      </object_component>
      <object_component id="oc-1d8">
         <name>.debug_info</name>
         <load_address>0x17b1b</load_address>
         <run_address>0x17b1b</run_address>
         <size>0x2c</size>
         <input_file_ref idref="fl-d1"/>
      </object_component>
      <object_component id="oc-57">
         <name>.debug_info</name>
         <load_address>0x17b47</load_address>
         <run_address>0x17b47</run_address>
         <size>0x2a8</size>
         <input_file_ref idref="fl-d2"/>
      </object_component>
      <object_component id="oc-1c">
         <name>.debug_info</name>
         <load_address>0x17def</load_address>
         <run_address>0x17def</run_address>
         <size>0x1ea</size>
         <input_file_ref idref="fl-d2"/>
      </object_component>
      <object_component id="oc-52">
         <name>.debug_info</name>
         <load_address>0x17fd9</load_address>
         <run_address>0x17fd9</run_address>
         <size>0x46</size>
         <input_file_ref idref="fl-d2"/>
      </object_component>
      <object_component id="oc-110">
         <name>.debug_info</name>
         <load_address>0x1801f</load_address>
         <run_address>0x1801f</run_address>
         <size>0x2c</size>
         <input_file_ref idref="fl-d2"/>
      </object_component>
      <object_component id="oc-10e">
         <name>.debug_info</name>
         <load_address>0x1804b</load_address>
         <run_address>0x1804b</run_address>
         <size>0x29e</size>
         <input_file_ref idref="fl-d3"/>
      </object_component>
      <object_component id="oc-17">
         <name>.debug_info</name>
         <load_address>0x182e9</load_address>
         <run_address>0x182e9</run_address>
         <size>0x250</size>
         <input_file_ref idref="fl-d3"/>
      </object_component>
      <object_component id="oc-42">
         <name>.debug_info</name>
         <load_address>0x18539</load_address>
         <run_address>0x18539</run_address>
         <size>0x60</size>
         <input_file_ref idref="fl-d3"/>
      </object_component>
      <object_component id="oc-1d1">
         <name>.debug_info</name>
         <load_address>0x18599</load_address>
         <run_address>0x18599</run_address>
         <size>0x46</size>
         <input_file_ref idref="fl-d3"/>
      </object_component>
      <object_component id="oc-109">
         <name>.debug_info</name>
         <load_address>0x185df</load_address>
         <run_address>0x185df</run_address>
         <size>0x39</size>
         <input_file_ref idref="fl-d3"/>
      </object_component>
      <object_component id="oc-25">
         <name>.debug_info</name>
         <load_address>0x18618</load_address>
         <run_address>0x18618</run_address>
         <size>0x10b</size>
         <input_file_ref idref="fl-d4"/>
      </object_component>
      <object_component id="oc-6c">
         <name>.debug_info</name>
         <load_address>0x18723</load_address>
         <run_address>0x18723</run_address>
         <size>0x1a9</size>
         <input_file_ref idref="fl-d4"/>
      </object_component>
      <object_component id="oc-25f">
         <name>.debug_info</name>
         <load_address>0x188cc</load_address>
         <run_address>0x188cc</run_address>
         <size>0x115</size>
         <input_file_ref idref="fl-d5"/>
      </object_component>
      <object_component id="oc-282">
         <name>.debug_info</name>
         <load_address>0x189e1</load_address>
         <run_address>0x189e1</run_address>
         <size>0x4b3</size>
         <input_file_ref idref="fl-d6"/>
      </object_component>
      <object_component id="oc-1ef">
         <name>.debug_info</name>
         <load_address>0x18e94</load_address>
         <run_address>0x18e94</run_address>
         <size>0x1a6</size>
         <input_file_ref idref="fl-d6"/>
      </object_component>
      <object_component id="oc-2ba">
         <name>.debug_info</name>
         <load_address>0x1903a</load_address>
         <run_address>0x1903a</run_address>
         <size>0x39</size>
         <input_file_ref idref="fl-d6"/>
      </object_component>
      <object_component id="oc-2ce">
         <name>.debug_info</name>
         <load_address>0x19073</load_address>
         <run_address>0x19073</run_address>
         <size>0x39</size>
         <input_file_ref idref="fl-d6"/>
      </object_component>
      <object_component id="oc-2bf">
         <name>.debug_info</name>
         <load_address>0x190ac</load_address>
         <run_address>0x190ac</run_address>
         <size>0x39</size>
         <input_file_ref idref="fl-d6"/>
      </object_component>
      <object_component id="oc-2c4">
         <name>.debug_info</name>
         <load_address>0x190e5</load_address>
         <run_address>0x190e5</run_address>
         <size>0xcd</size>
         <input_file_ref idref="fl-d6"/>
      </object_component>
      <object_component id="oc-126">
         <name>.debug_info</name>
         <load_address>0x191b2</load_address>
         <run_address>0x191b2</run_address>
         <size>0x153</size>
         <input_file_ref idref="fl-d7"/>
      </object_component>
      <object_component id="oc-1e3">
         <name>.debug_info</name>
         <load_address>0x19305</load_address>
         <run_address>0x19305</run_address>
         <size>0x122</size>
         <input_file_ref idref="fl-d9"/>
      </object_component>
      <object_component id="oc-309">
         <name>.debug_info</name>
         <load_address>0x19427</load_address>
         <run_address>0x19427</run_address>
         <size>0x90</size>
      </object_component>
      <object_component id="oc-1a4">
         <name>.debug_line</name>
         <load_address>0x0</load_address>
         <run_address>0x0</run_address>
         <size>0x240</size>
         <input_file_ref idref="fl-2"/>
      </object_component>
      <object_component id="oc-1b5">
         <name>.debug_line</name>
         <load_address>0x240</load_address>
         <run_address>0x240</run_address>
         <size>0x2d</size>
         <input_file_ref idref="fl-2"/>
      </object_component>
      <object_component id="oc-3c">
         <name>.debug_line</name>
         <load_address>0x26d</load_address>
         <run_address>0x26d</run_address>
         <size>0x3ca</size>
         <input_file_ref idref="fl-2"/>
      </object_component>
      <object_component id="oc-173">
         <name>.debug_line</name>
         <load_address>0x637</load_address>
         <run_address>0x637</run_address>
         <size>0x5e</size>
         <input_file_ref idref="fl-2"/>
      </object_component>
      <object_component id="oc-107">
         <name>.debug_line</name>
         <load_address>0x695</load_address>
         <run_address>0x695</run_address>
         <size>0x6f</size>
         <input_file_ref idref="fl-2"/>
      </object_component>
      <object_component id="oc-17d">
         <name>.debug_line</name>
         <load_address>0x704</load_address>
         <run_address>0x704</run_address>
         <size>0x62</size>
         <input_file_ref idref="fl-2"/>
      </object_component>
      <object_component id="oc-100">
         <name>.debug_line</name>
         <load_address>0x766</load_address>
         <run_address>0x766</run_address>
         <size>0x66</size>
         <input_file_ref idref="fl-2"/>
      </object_component>
      <object_component id="oc-1a8">
         <name>.debug_line</name>
         <load_address>0x7cc</load_address>
         <run_address>0x7cc</run_address>
         <size>0x5f</size>
         <input_file_ref idref="fl-2"/>
      </object_component>
      <object_component id="oc-1b2">
         <name>.debug_line</name>
         <load_address>0x82b</load_address>
         <run_address>0x82b</run_address>
         <size>0x60</size>
         <input_file_ref idref="fl-2"/>
      </object_component>
      <object_component id="oc-4a">
         <name>.debug_line</name>
         <load_address>0x88b</load_address>
         <run_address>0x88b</run_address>
         <size>0x20</size>
         <input_file_ref idref="fl-2"/>
      </object_component>
      <object_component id="oc-94">
         <name>.debug_line</name>
         <load_address>0x8ab</load_address>
         <run_address>0x8ab</run_address>
         <size>0x62</size>
         <input_file_ref idref="fl-2"/>
      </object_component>
      <object_component id="oc-1ad">
         <name>.debug_line</name>
         <load_address>0x90d</load_address>
         <run_address>0x90d</run_address>
         <size>0x60</size>
         <input_file_ref idref="fl-2"/>
      </object_component>
      <object_component id="oc-182">
         <name>.debug_line</name>
         <load_address>0x96d</load_address>
         <run_address>0x96d</run_address>
         <size>0x73</size>
         <input_file_ref idref="fl-2"/>
      </object_component>
      <object_component id="oc-9e">
         <name>.debug_line</name>
         <load_address>0x9e0</load_address>
         <run_address>0x9e0</run_address>
         <size>0x70</size>
         <input_file_ref idref="fl-2"/>
      </object_component>
      <object_component id="oc-fb">
         <name>.debug_line</name>
         <load_address>0xa50</load_address>
         <run_address>0xa50</run_address>
         <size>0x52</size>
         <input_file_ref idref="fl-2"/>
      </object_component>
      <object_component id="oc-16e">
         <name>.debug_line</name>
         <load_address>0xaa2</load_address>
         <run_address>0xaa2</run_address>
         <size>0x6b</size>
         <input_file_ref idref="fl-2"/>
      </object_component>
      <object_component id="oc-99">
         <name>.debug_line</name>
         <load_address>0xb0d</load_address>
         <run_address>0xb0d</run_address>
         <size>0x71</size>
         <input_file_ref idref="fl-2"/>
      </object_component>
      <object_component id="oc-178">
         <name>.debug_line</name>
         <load_address>0xb7e</load_address>
         <run_address>0xb7e</run_address>
         <size>0x5e</size>
         <input_file_ref idref="fl-2"/>
      </object_component>
      <object_component id="oc-103">
         <name>.debug_line</name>
         <load_address>0xbdc</load_address>
         <run_address>0xbdc</run_address>
         <size>0x41</size>
         <input_file_ref idref="fl-3"/>
      </object_component>
      <object_component id="oc-3f">
         <name>.debug_line</name>
         <load_address>0xc1d</load_address>
         <run_address>0xc1d</run_address>
         <size>0x41</size>
         <input_file_ref idref="fl-3"/>
      </object_component>
      <object_component id="oc-2c">
         <name>.debug_line</name>
         <load_address>0xc5e</load_address>
         <run_address>0xc5e</run_address>
         <size>0xa1</size>
         <input_file_ref idref="fl-3"/>
      </object_component>
      <object_component id="oc-258">
         <name>.debug_line</name>
         <load_address>0xcff</load_address>
         <run_address>0xcff</run_address>
         <size>0x12f</size>
         <input_file_ref idref="fl-4"/>
      </object_component>
      <object_component id="oc-af">
         <name>.debug_line</name>
         <load_address>0xe2e</load_address>
         <run_address>0xe2e</run_address>
         <size>0x2f0</size>
         <input_file_ref idref="fl-4"/>
      </object_component>
      <object_component id="oc-18f">
         <name>.debug_line</name>
         <load_address>0x111e</load_address>
         <run_address>0x111e</run_address>
         <size>0x6b</size>
         <input_file_ref idref="fl-4"/>
      </object_component>
      <object_component id="oc-22e">
         <name>.debug_line</name>
         <load_address>0x1189</load_address>
         <run_address>0x1189</run_address>
         <size>0x62</size>
         <input_file_ref idref="fl-4"/>
      </object_component>
      <object_component id="oc-25c">
         <name>.debug_line</name>
         <load_address>0x11eb</load_address>
         <run_address>0x11eb</run_address>
         <size>0x45</size>
         <input_file_ref idref="fl-4"/>
      </object_component>
      <object_component id="oc-195">
         <name>.debug_line</name>
         <load_address>0x1230</load_address>
         <run_address>0x1230</run_address>
         <size>0x66</size>
         <input_file_ref idref="fl-4"/>
      </object_component>
      <object_component id="oc-2a7">
         <name>.debug_line</name>
         <load_address>0x1296</load_address>
         <run_address>0x1296</run_address>
         <size>0x20</size>
         <input_file_ref idref="fl-5"/>
      </object_component>
      <object_component id="oc-14a">
         <name>.debug_line</name>
         <load_address>0x12b6</load_address>
         <run_address>0x12b6</run_address>
         <size>0xf0</size>
         <input_file_ref idref="fl-5"/>
      </object_component>
      <object_component id="oc-251">
         <name>.debug_line</name>
         <load_address>0x13a6</load_address>
         <run_address>0x13a6</run_address>
         <size>0x12f</size>
         <input_file_ref idref="fl-6"/>
      </object_component>
      <object_component id="oc-a9">
         <name>.debug_line</name>
         <load_address>0x14d5</load_address>
         <run_address>0x14d5</run_address>
         <size>0x6d3</size>
         <input_file_ref idref="fl-6"/>
      </object_component>
      <object_component id="oc-255">
         <name>.debug_line</name>
         <load_address>0x1ba8</load_address>
         <run_address>0x1ba8</run_address>
         <size>0x3e</size>
         <input_file_ref idref="fl-6"/>
      </object_component>
      <object_component id="oc-189">
         <name>.debug_line</name>
         <load_address>0x1be6</load_address>
         <run_address>0x1be6</run_address>
         <size>0x5f</size>
         <input_file_ref idref="fl-6"/>
      </object_component>
      <object_component id="oc-224">
         <name>.debug_line</name>
         <load_address>0x1c45</load_address>
         <run_address>0x1c45</run_address>
         <size>0x74</size>
         <input_file_ref idref="fl-6"/>
      </object_component>
      <object_component id="oc-220">
         <name>.debug_line</name>
         <load_address>0x1cb9</load_address>
         <run_address>0x1cb9</run_address>
         <size>0x1dc</size>
         <input_file_ref idref="fl-7"/>
      </object_component>
      <object_component id="oc-137">
         <name>.debug_line</name>
         <load_address>0x1e95</load_address>
         <run_address>0x1e95</run_address>
         <size>0x3e</size>
         <input_file_ref idref="fl-7"/>
      </object_component>
      <object_component id="oc-241">
         <name>.debug_line</name>
         <load_address>0x1ed3</load_address>
         <run_address>0x1ed3</run_address>
         <size>0x3e</size>
         <input_file_ref idref="fl-7"/>
      </object_component>
      <object_component id="oc-24d">
         <name>.debug_line</name>
         <load_address>0x1f11</load_address>
         <run_address>0x1f11</run_address>
         <size>0x3e</size>
         <input_file_ref idref="fl-7"/>
      </object_component>
      <object_component id="oc-24f">
         <name>.debug_line</name>
         <load_address>0x1f4f</load_address>
         <run_address>0x1f4f</run_address>
         <size>0x3e</size>
         <input_file_ref idref="fl-7"/>
      </object_component>
      <object_component id="oc-24b">
         <name>.debug_line</name>
         <load_address>0x1f8d</load_address>
         <run_address>0x1f8d</run_address>
         <size>0x3e</size>
         <input_file_ref idref="fl-7"/>
      </object_component>
      <object_component id="oc-247">
         <name>.debug_line</name>
         <load_address>0x1fcb</load_address>
         <run_address>0x1fcb</run_address>
         <size>0x3e</size>
         <input_file_ref idref="fl-7"/>
      </object_component>
      <object_component id="oc-243">
         <name>.debug_line</name>
         <load_address>0x2009</load_address>
         <run_address>0x2009</run_address>
         <size>0x3e</size>
         <input_file_ref idref="fl-7"/>
      </object_component>
      <object_component id="oc-245">
         <name>.debug_line</name>
         <load_address>0x2047</load_address>
         <run_address>0x2047</run_address>
         <size>0x3e</size>
         <input_file_ref idref="fl-7"/>
      </object_component>
      <object_component id="oc-249">
         <name>.debug_line</name>
         <load_address>0x2085</load_address>
         <run_address>0x2085</run_address>
         <size>0x3e</size>
         <input_file_ref idref="fl-7"/>
      </object_component>
      <object_component id="oc-8a">
         <name>.debug_line</name>
         <load_address>0x20c3</load_address>
         <run_address>0x20c3</run_address>
         <size>0xb24</size>
         <input_file_ref idref="fl-7"/>
      </object_component>
      <object_component id="oc-13c">
         <name>.debug_line</name>
         <load_address>0x2be7</load_address>
         <run_address>0x2be7</run_address>
         <size>0x5e</size>
         <input_file_ref idref="fl-7"/>
      </object_component>
      <object_component id="oc-229">
         <name>.debug_line</name>
         <load_address>0x2c45</load_address>
         <run_address>0x2c45</run_address>
         <size>0x3e</size>
         <input_file_ref idref="fl-7"/>
      </object_component>
      <object_component id="oc-276">
         <name>.debug_line</name>
         <load_address>0x2c83</load_address>
         <run_address>0x2c83</run_address>
         <size>0x16e</size>
         <input_file_ref idref="fl-8"/>
      </object_component>
      <object_component id="oc-272">
         <name>.debug_line</name>
         <load_address>0x2df1</load_address>
         <run_address>0x2df1</run_address>
         <size>0x3f</size>
         <input_file_ref idref="fl-8"/>
      </object_component>
      <object_component id="oc-274">
         <name>.debug_line</name>
         <load_address>0x2e30</load_address>
         <run_address>0x2e30</run_address>
         <size>0x3f</size>
         <input_file_ref idref="fl-8"/>
      </object_component>
      <object_component id="oc-270">
         <name>.debug_line</name>
         <load_address>0x2e6f</load_address>
         <run_address>0x2e6f</run_address>
         <size>0x3f</size>
         <input_file_ref idref="fl-8"/>
      </object_component>
      <object_component id="oc-26e">
         <name>.debug_line</name>
         <load_address>0x2eae</load_address>
         <run_address>0x2eae</run_address>
         <size>0x3f</size>
         <input_file_ref idref="fl-8"/>
      </object_component>
      <object_component id="oc-f6">
         <name>.debug_line</name>
         <load_address>0x2eed</load_address>
         <run_address>0x2eed</run_address>
         <size>0x4d8</size>
         <input_file_ref idref="fl-8"/>
      </object_component>
      <object_component id="oc-1cf">
         <name>.debug_line</name>
         <load_address>0x33c5</load_address>
         <run_address>0x33c5</run_address>
         <size>0x3f</size>
         <input_file_ref idref="fl-8"/>
      </object_component>
      <object_component id="oc-1c9">
         <name>.debug_line</name>
         <load_address>0x3404</load_address>
         <run_address>0x3404</run_address>
         <size>0x60</size>
         <input_file_ref idref="fl-8"/>
      </object_component>
      <object_component id="oc-16a">
         <name>.debug_line</name>
         <load_address>0x3464</load_address>
         <run_address>0x3464</run_address>
         <size>0x91</size>
         <input_file_ref idref="fl-9"/>
      </object_component>
      <object_component id="oc-13f">
         <name>.debug_line</name>
         <load_address>0x34f5</load_address>
         <run_address>0x34f5</run_address>
         <size>0x53</size>
         <input_file_ref idref="fl-9"/>
      </object_component>
      <object_component id="oc-168">
         <name>.debug_line</name>
         <load_address>0x3548</load_address>
         <run_address>0x3548</run_address>
         <size>0x53</size>
         <input_file_ref idref="fl-9"/>
      </object_component>
      <object_component id="oc-36">
         <name>.debug_line</name>
         <load_address>0x359b</load_address>
         <run_address>0x359b</run_address>
         <size>0x192</size>
         <input_file_ref idref="fl-9"/>
      </object_component>
      <object_component id="oc-31">
         <name>.debug_line</name>
         <load_address>0x372d</load_address>
         <run_address>0x372d</run_address>
         <size>0xe8</size>
         <input_file_ref idref="fl-a"/>
      </object_component>
      <object_component id="oc-2a5">
         <name>.debug_line</name>
         <load_address>0x3815</load_address>
         <run_address>0x3815</run_address>
         <size>0xa9</size>
         <input_file_ref idref="fl-b"/>
      </object_component>
      <object_component id="oc-2a3">
         <name>.debug_line</name>
         <load_address>0x38be</load_address>
         <run_address>0x38be</run_address>
         <size>0x50</size>
         <input_file_ref idref="fl-b"/>
      </object_component>
      <object_component id="oc-29a">
         <name>.debug_line</name>
         <load_address>0x390e</load_address>
         <run_address>0x390e</run_address>
         <size>0x50</size>
         <input_file_ref idref="fl-b"/>
      </object_component>
      <object_component id="oc-2a1">
         <name>.debug_line</name>
         <load_address>0x395e</load_address>
         <run_address>0x395e</run_address>
         <size>0x50</size>
         <input_file_ref idref="fl-b"/>
      </object_component>
      <object_component id="oc-298">
         <name>.debug_line</name>
         <load_address>0x39ae</load_address>
         <run_address>0x39ae</run_address>
         <size>0x50</size>
         <input_file_ref idref="fl-b"/>
      </object_component>
      <object_component id="oc-144">
         <name>.debug_line</name>
         <load_address>0x39fe</load_address>
         <run_address>0x39fe</run_address>
         <size>0x15a</size>
         <input_file_ref idref="fl-b"/>
      </object_component>
      <object_component id="oc-29e">
         <name>.debug_line</name>
         <load_address>0x3b58</load_address>
         <run_address>0x3b58</run_address>
         <size>0x50</size>
         <input_file_ref idref="fl-b"/>
      </object_component>
      <object_component id="oc-26c">
         <name>.debug_line</name>
         <load_address>0x3ba8</load_address>
         <run_address>0x3ba8</run_address>
         <size>0x20</size>
         <input_file_ref idref="fl-c"/>
      </object_component>
      <object_component id="oc-c2">
         <name>.debug_line</name>
         <load_address>0x3bc8</load_address>
         <run_address>0x3bc8</run_address>
         <size>0xd9</size>
         <input_file_ref idref="fl-c"/>
      </object_component>
      <object_component id="oc-c7">
         <name>.debug_line</name>
         <load_address>0x3ca1</load_address>
         <run_address>0x3ca1</run_address>
         <size>0x22a</size>
         <input_file_ref idref="fl-d"/>
      </object_component>
      <object_component id="oc-b2">
         <name>.debug_line</name>
         <load_address>0x3ecb</load_address>
         <run_address>0x3ecb</run_address>
         <size>0x69</size>
         <input_file_ref idref="fl-e"/>
      </object_component>
      <object_component id="oc-26a">
         <name>.debug_line</name>
         <load_address>0x3f34</load_address>
         <run_address>0x3f34</run_address>
         <size>0x20</size>
         <input_file_ref idref="fl-f"/>
      </object_component>
      <object_component id="oc-bc">
         <name>.debug_line</name>
         <load_address>0x3f54</load_address>
         <run_address>0x3f54</run_address>
         <size>0x11e</size>
         <input_file_ref idref="fl-f"/>
      </object_component>
      <object_component id="oc-e4">
         <name>.debug_line</name>
         <load_address>0x4072</load_address>
         <run_address>0x4072</run_address>
         <size>0x8e</size>
         <input_file_ref idref="fl-c9"/>
      </object_component>
      <object_component id="oc-e9">
         <name>.debug_line</name>
         <load_address>0x4100</load_address>
         <run_address>0x4100</run_address>
         <size>0x59</size>
         <input_file_ref idref="fl-ca"/>
      </object_component>
      <object_component id="oc-a1">
         <name>.debug_line</name>
         <load_address>0x4159</load_address>
         <run_address>0x4159</run_address>
         <size>0x43</size>
         <input_file_ref idref="fl-cb"/>
      </object_component>
      <object_component id="oc-50">
         <name>.debug_line</name>
         <load_address>0x419c</load_address>
         <run_address>0x419c</run_address>
         <size>0x88</size>
         <input_file_ref idref="fl-cc"/>
      </object_component>
      <object_component id="oc-e2">
         <name>.debug_line</name>
         <load_address>0x4224</load_address>
         <run_address>0x4224</run_address>
         <size>0x4c</size>
         <input_file_ref idref="fl-cd"/>
      </object_component>
      <object_component id="oc-122">
         <name>.debug_line</name>
         <load_address>0x4270</load_address>
         <run_address>0x4270</run_address>
         <size>0x79</size>
         <input_file_ref idref="fl-ce"/>
      </object_component>
      <object_component id="oc-19a">
         <name>.debug_line</name>
         <load_address>0x42e9</load_address>
         <run_address>0x42e9</run_address>
         <size>0x68</size>
         <input_file_ref idref="fl-cf"/>
      </object_component>
      <object_component id="oc-264">
         <name>.debug_line</name>
         <load_address>0x4351</load_address>
         <run_address>0x4351</run_address>
         <size>0x81</size>
         <input_file_ref idref="fl-d0"/>
      </object_component>
      <object_component id="oc-1de">
         <name>.debug_line</name>
         <load_address>0x43d2</load_address>
         <run_address>0x43d2</run_address>
         <size>0x92</size>
         <input_file_ref idref="fl-d1"/>
      </object_component>
      <object_component id="oc-62">
         <name>.debug_line</name>
         <load_address>0x4464</load_address>
         <run_address>0x4464</run_address>
         <size>0x53</size>
         <input_file_ref idref="fl-d1"/>
      </object_component>
      <object_component id="oc-11b">
         <name>.debug_line</name>
         <load_address>0x44b7</load_address>
         <run_address>0x44b7</run_address>
         <size>0x34</size>
         <input_file_ref idref="fl-d1"/>
      </object_component>
      <object_component id="oc-1db">
         <name>.debug_line</name>
         <load_address>0x44eb</load_address>
         <run_address>0x44eb</run_address>
         <size>0x92</size>
         <input_file_ref idref="fl-d1"/>
      </object_component>
      <object_component id="oc-116">
         <name>.debug_line</name>
         <load_address>0x457d</load_address>
         <run_address>0x457d</run_address>
         <size>0x20</size>
         <input_file_ref idref="fl-d2"/>
      </object_component>
      <object_component id="oc-20">
         <name>.debug_line</name>
         <load_address>0x459d</load_address>
         <run_address>0x459d</run_address>
         <size>0x55</size>
         <input_file_ref idref="fl-d2"/>
      </object_component>
      <object_component id="oc-55">
         <name>.debug_line</name>
         <load_address>0x45f2</load_address>
         <run_address>0x45f2</run_address>
         <size>0x3a</size>
         <input_file_ref idref="fl-d2"/>
      </object_component>
      <object_component id="oc-113">
         <name>.debug_line</name>
         <load_address>0x462c</load_address>
         <run_address>0x462c</run_address>
         <size>0x92</size>
         <input_file_ref idref="fl-d2"/>
      </object_component>
      <object_component id="oc-1d7">
         <name>.debug_line</name>
         <load_address>0x46be</load_address>
         <run_address>0x46be</run_address>
         <size>0x20</size>
         <input_file_ref idref="fl-d3"/>
      </object_component>
      <object_component id="oc-1a">
         <name>.debug_line</name>
         <load_address>0x46de</load_address>
         <run_address>0x46de</run_address>
         <size>0xa9</size>
         <input_file_ref idref="fl-d3"/>
      </object_component>
      <object_component id="oc-45">
         <name>.debug_line</name>
         <load_address>0x4787</load_address>
         <run_address>0x4787</run_address>
         <size>0x3a</size>
         <input_file_ref idref="fl-d3"/>
      </object_component>
      <object_component id="oc-1d4">
         <name>.debug_line</name>
         <load_address>0x47c1</load_address>
         <run_address>0x47c1</run_address>
         <size>0x9a</size>
         <input_file_ref idref="fl-d3"/>
      </object_component>
      <object_component id="oc-10c">
         <name>.debug_line</name>
         <load_address>0x485b</load_address>
         <run_address>0x485b</run_address>
         <size>0x96</size>
         <input_file_ref idref="fl-d3"/>
      </object_component>
      <object_component id="oc-7d">
         <name>.debug_line</name>
         <load_address>0x48f1</load_address>
         <run_address>0x48f1</run_address>
         <size>0x33</size>
         <input_file_ref idref="fl-d4"/>
      </object_component>
      <object_component id="oc-6b">
         <name>.debug_line</name>
         <load_address>0x4924</load_address>
         <run_address>0x4924</run_address>
         <size>0x45</size>
         <input_file_ref idref="fl-d4"/>
      </object_component>
      <object_component id="oc-262">
         <name>.debug_line</name>
         <load_address>0x4969</load_address>
         <run_address>0x4969</run_address>
         <size>0x37</size>
         <input_file_ref idref="fl-d5"/>
      </object_component>
      <object_component id="oc-2b9">
         <name>.debug_line</name>
         <load_address>0x49a0</load_address>
         <run_address>0x49a0</run_address>
         <size>0xbf</size>
         <input_file_ref idref="fl-d6"/>
      </object_component>
      <object_component id="oc-1f1">
         <name>.debug_line</name>
         <load_address>0x4a5f</load_address>
         <run_address>0x4a5f</run_address>
         <size>0x6f</size>
         <input_file_ref idref="fl-d6"/>
      </object_component>
      <object_component id="oc-2bd">
         <name>.debug_line</name>
         <load_address>0x4ace</load_address>
         <run_address>0x4ace</run_address>
         <size>0x2e</size>
         <input_file_ref idref="fl-d6"/>
      </object_component>
      <object_component id="oc-2d1">
         <name>.debug_line</name>
         <load_address>0x4afc</load_address>
         <run_address>0x4afc</run_address>
         <size>0x9a</size>
         <input_file_ref idref="fl-d6"/>
      </object_component>
      <object_component id="oc-2c2">
         <name>.debug_line</name>
         <load_address>0x4b96</load_address>
         <run_address>0x4b96</run_address>
[...]
      <symbol id="sm-5a5">
         <name>xTaskDelayUntil</name>
         <value>0x58d</value>
         <object_component_ref idref="oc-85"/>
      </symbol>
      <symbol id="sm-5a6">
         <name>vTaskEndScheduler</name>
         <value>0xab1</value>
         <object_component_ref idref="oc-85"/>
      </symbol>
      <symbol id="sm-5a7">
         <name>vTaskMissedYield</name>
         <value>0x15f1</value>
         <object_component_ref idref="oc-85"/>
      </symbol>
      <symbol id="sm-5a8">
         <name>uxTaskGetNumberOfTasks</name>
         <value>0xcb1</value>
         <object_component_ref idref="oc-85"/>
      </symbol>
      <symbol id="sm-5a9">
         <name>xTaskCatchUpTicks</name>
         <value>0xd0d</value>
         <object_component_ref idref="oc-85"/>
      </symbol>
      <symbol id="sm-5aa">
         <name>xTaskGenericNotifyFromISR</name>
         <value>0x1b1f</value>
         <object_component_ref idref="oc-85"/>
      </symbol>
      <symbol id="sm-5ab">
         <name>xTaskResumeAll</name>
         <value>0xae1</value>
         <object_component_ref idref="oc-85"/>
      </symbol>
      <symbol id="sm-5ac">
         <name>vTaskSetApplicationTaskTag</name>
         <value>0xf47</value>
         <object_component_ref idref="oc-85"/>
      </symbol>
      <symbol id="sm-5ad">
         <name>xTaskGetTickCount</name>
         <value>0xc8d</value>
         <object_component_ref idref="oc-85"/>
      </symbol>
      <symbol id="sm-5ae">
         <name>ulTaskGenericNotifyTake</name>
         <value>0x1761</value>
         <object_component_ref idref="oc-85"/>
      </symbol>
      <symbol id="sm-5af">
         <name>vTaskDelete</name>
         <value>0x4b9</value>
         <object_component_ref idref="oc-85"/>
      </symbol>
      <symbol id="sm-5b0">
         <name>xTaskGetApplicationTaskTag</name>
         <value>0xf6d</value>
         <object_component_ref idref="oc-85"/>
      </symbol>
      <symbol id="sm-5b1">
         <name>xTaskCallApplicationTaskHook</name>
         <value>0xfcf</value>
         <object_component_ref idref="oc-85"/>
      </symbol>
      <symbol id="sm-5b2">
         <name>ulTaskGenericNotifyValueClear</name>
         <value>0x1f8d</value>
         <object_component_ref idref="oc-85"/>
      </symbol>
      <symbol id="sm-5b3">
         <name>xTaskGenericNotifyWait</name>
         <value>0x181d</value>
         <object_component_ref idref="oc-85"/>
      </symbol>
      <symbol id="sm-5b4">
         <name>pxCurrentTCB</name>
         <value>0x20003fc0</value>
         <object_component_ref idref="oc-7f"/>
      </symbol>
      <symbol id="sm-5b5">
         <name>vTaskSuspend</name>
         <value>0x6e5</value>
         <object_component_ref idref="oc-85"/>
      </symbol>
      <symbol id="sm-5b6">
         <name>xTaskGetTickCountFromISR</name>
         <value>0xc9d</value>
         <object_component_ref idref="oc-85"/>
      </symbol>
      <symbol id="sm-5b7">
         <name>vTaskResume</name>
         <value>0x845</value>
         <object_component_ref idref="oc-85"/>
      </symbol>
      <symbol id="sm-5b8">
         <name>uxTopUsedPriority</name>
         <value>0x5b98</value>
         <object_component_ref idref="oc-159"/>
      </symbol>
      <symbol id="sm-5b9">
         <name>vTaskPlaceOnEventListRestricted</name>
         <value>0x11c5</value>
         <object_component_ref idref="oc-85"/>
      </symbol>
      <symbol id="sm-5ba">
         <name>vTaskSetTimeOutState</name>
         <value>0x14eb</value>
         <object_component_ref idref="oc-85"/>
      </symbol>
      <symbol id="sm-5bb">
         <name>xTaskIncrementTick</name>
         <value>0xd71</value>
         <object_component_ref idref="oc-85"/>
      </symbol>
      <symbol id="sm-5bc">
         <name>vTaskSwitchContext</name>
         <value>0x101d</value>
         <object_component_ref idref="oc-85"/>
      </symbol>
      <symbol id="sm-5bd">
         <name>uxTaskResetEventItemValue</name>
         <value>0x1733</value>
         <object_component_ref idref="oc-85"/>
      </symbol>
      <symbol id="sm-5be">
         <name>xTaskGetSchedulerState</name>
         <value>0x170d</value>
         <object_component_ref idref="oc-85"/>
      </symbol>
      <symbol id="sm-5bf">
         <name>xTaskResumeFromISR</name>
         <value>0x91d</value>
         <object_component_ref idref="oc-85"/>
      </symbol>
      <symbol id="sm-5c0">
         <name>xTaskGetCurrentTaskHandle</name>
         <value>0x16fd</value>
         <object_component_ref idref="oc-85"/>
      </symbol>
      <symbol id="sm-5c1">
         <name>vTaskPlaceOnUnorderedEventList</name>
         <value>0x1125</value>
         <object_component_ref idref="oc-85"/>
      </symbol>
      <symbol id="sm-5c2">
         <name>xTaskRemoveFromEventList</name>
         <value>0x1245</value>
         <object_component_ref idref="oc-85"/>
      </symbol>
      <symbol id="sm-689">
         <name>xTimerGetTimerDaemonTaskHandle</name>
         <value>0x3d99</value>
         <object_component_ref idref="oc-f1"/>
      </symbol>
      <symbol id="sm-68a">
         <name>pcTimerGetName</name>
         <value>0x3ea1</value>
         <object_component_ref idref="oc-f1"/>
      </symbol>
      <symbol id="sm-68b">
         <name>xTimerCreateTimerTask</name>
         <value>0x3c3d</value>
         <object_component_ref idref="oc-f1"/>
      </symbol>
      <symbol id="sm-68c">
         <name>xTimerGetExpiryTime</name>
         <value>0x3e73</value>
         <object_component_ref idref="oc-f1"/>
      </symbol>
      <symbol id="sm-68d">
         <name>xTimerIsTimerActive</name>
         <value>0x42c9</value>
         <object_component_ref idref="oc-f1"/>
      </symbol>
      <symbol id="sm-68e">
         <name>xTimerGetPeriod</name>
         <value>0x3dbb</value>
         <object_component_ref idref="oc-f1"/>
      </symbol>
      <symbol id="sm-68f">
         <name>xTimerGetReloadMode</name>
         <value>0x3e2b</value>
         <object_component_ref idref="oc-f1"/>
      </symbol>
      <symbol id="sm-690">
         <name>xTimerCreate</name>
         <value>0x3c7b</value>
         <object_component_ref idref="oc-f1"/>
      </symbol>
      <symbol id="sm-691">
         <name>vTimerSetReloadMode</name>
         <value>0x3de1</value>
         <object_component_ref idref="oc-f1"/>
      </symbol>
      <symbol id="sm-692">
         <name>xTimerGenericCommand</name>
         <value>0x3d19</value>
         <object_component_ref idref="oc-f1"/>
      </symbol>
      <symbol id="sm-693">
         <name>uxTimerGetReloadMode</name>
         <value>0x3e67</value>
         <object_component_ref idref="oc-f1"/>
      </symbol>
      <symbol id="sm-694">
         <name>pvTimerGetTimerID</name>
         <value>0x4305</value>
         <object_component_ref idref="oc-f1"/>
      </symbol>
      <symbol id="sm-695">
         <name>xTimerPendFunctionCallFromISR</name>
         <value>0x4361</value>
         <object_component_ref idref="oc-f1"/>
      </symbol>
      <symbol id="sm-696">
         <name>xTimerPendFunctionCall</name>
         <value>0x4397</value>
         <object_component_ref idref="oc-f1"/>
      </symbol>
      <symbol id="sm-697">
         <name>vTimerSetTimerID</name>
         <value>0x4333</value>
         <object_component_ref idref="oc-f1"/>
      </symbol>
      <symbol id="sm-6e7">
         <name>ulMaxSyscallInterruptPriority</name>
         <value>0x5b90</value>
         <object_component_ref idref="oc-82"/>
      </symbol>
      <symbol id="sm-6e8">
         <name>vPortSetupTimerInterrupt</name>
         <value>0x4dc5</value>
         <object_component_ref idref="oc-32"/>
      </symbol>
      <symbol id="sm-6e9">
         <name>vPortEndScheduler</name>
         <value>0x4d0d</value>
         <object_component_ref idref="oc-32"/>
      </symbol>
      <symbol id="sm-6ea">
         <name>xPortSysTickHandler</name>
         <value>0x4d9f</value>
         <object_component_ref idref="oc-32"/>
      </symbol>
      <symbol id="sm-6eb">
         <name>vPortValidateInterruptPriority</name>
         <value>0x4de1</value>
         <object_component_ref idref="oc-32"/>
      </symbol>
      <symbol id="sm-6ec">
         <name>pxPortInitialiseStack</name>
         <value>0x4bc9</value>
         <object_component_ref idref="oc-32"/>
      </symbol>
      <symbol id="sm-6ed">
         <name>vPortExitCritical</name>
         <value>0x4d73</value>
         <object_component_ref idref="oc-32"/>
      </symbol>
      <symbol id="sm-6ee">
         <name>xPortStartScheduler</name>
         <value>0x4c55</value>
         <object_component_ref idref="oc-32"/>
      </symbol>
      <symbol id="sm-6ef">
         <name>vPortEnterCritical</name>
         <value>0x4d31</value>
         <object_component_ref idref="oc-32"/>
      </symbol>
      <symbol id="sm-6fe">
         <name>vPortStartFirstTask</name>
         <value>0x5765</value>
         <object_component_ref idref="oc-2d"/>
      </symbol>
      <symbol id="sm-6ff">
         <name>ulPortGetIPSR</name>
         <value>0x56cd</value>
         <object_component_ref idref="oc-2d"/>
      </symbol>
      <symbol id="sm-700">
         <name>vPortEnableVFP</name>
         <value>0x5789</value>
         <object_component_ref idref="oc-2d"/>
      </symbol>
      <symbol id="sm-701">
         <name>xPortPendSVHandler</name>
         <value>0x56e5</value>
         <object_component_ref idref="oc-2d"/>
      </symbol>
      <symbol id="sm-702">
         <name>vPortSVCHandler</name>
         <value>0x5745</value>
         <object_component_ref idref="oc-2d"/>
      </symbol>
      <symbol id="sm-75a">
         <name>vPortInitialiseBlocks</name>
         <value>0x5063</value>
         <object_component_ref idref="oc-140"/>
      </symbol>
      <symbol id="sm-75b">
         <name>xPortGetFreeHeapSize</name>
         <value>0x505d</value>
         <object_component_ref idref="oc-140"/>
      </symbol>
      <symbol id="sm-75c">
         <name>pvPortCalloc</name>
         <value>0x5065</value>
         <object_component_ref idref="oc-140"/>
      </symbol>
      <symbol id="sm-75d">
         <name>pvPortMalloc</name>
         <value>0x4e79</value>
         <object_component_ref idref="oc-140"/>
      </symbol>
      <symbol id="sm-75e">
         <name>vPortFree</name>
         <value>0x4f9f</value>
         <object_component_ref idref="oc-140"/>
      </symbol>
      <symbol id="sm-78b">
         <name>ADC1_vStartConversion</name>
         <value>0x5235</value>
         <object_component_ref idref="oc-bd"/>
      </symbol>
      <symbol id="sm-78c">
         <name>ADC0_vRead</name>
         <value>0x5241</value>
         <object_component_ref idref="oc-bd"/>
      </symbol>
      <symbol id="sm-78d">
         <name>ADC0_vStartConversion</name>
         <value>0x5229</value>
         <object_component_ref idref="oc-bd"/>
      </symbol>
      <symbol id="sm-78e">
         <name>ADC1_vRead</name>
         <value>0x5253</value>
         <object_component_ref idref="oc-bd"/>
      </symbol>
      <symbol id="sm-78f">
         <name>ADC_vInit</name>
         <value>0x5105</value>
         <object_component_ref idref="oc-bd"/>
      </symbol>
      <symbol id="sm-7ce">
         <name>GPIO_ButtonInit</name>
         <value>0x496d</value>
         <object_component_ref idref="oc-c3"/>
      </symbol>
      <symbol id="sm-7cf">
         <name>GPIO_SW1GetState</name>
         <value>0x4a39</value>
         <object_component_ref idref="oc-c3"/>
      </symbol>
      <symbol id="sm-7d0">
         <name>GPIO_GreenLedOn</name>
         <value>0x49e5</value>
         <object_component_ref idref="oc-c3"/>
      </symbol>
      <symbol id="sm-7d1">
         <name>GPIO_BlueLedToggle</name>
         <value>0x4a21</value>
         <object_component_ref idref="oc-c3"/>
      </symbol>
      <symbol id="sm-7d2">
         <name>GPIO_SW2GetState</name>
         <value>0x4a43</value>
         <object_component_ref idref="oc-c3"/>
      </symbol>
      <symbol id="sm-7d3">
         <name>GPIO_SW2EdgeTriggeredInterruptInit</name>
         <value>0x4aa5</value>
         <object_component_ref idref="oc-c3"/>
      </symbol>
      <symbol id="sm-7d4">
         <name>GPIO_BuiltinButtonsLedsInit</name>
         <value>0x48f9</value>
         <object_component_ref idref="oc-c3"/>
      </symbol>
      <symbol id="sm-7d5">
         <name>GPIO_ExtButtonGetState</name>
         <value>0x4a4d</value>
         <object_component_ref idref="oc-c3"/>
      </symbol>
      <symbol id="sm-7d6">
         <name>GPIO_RedLedToggle</name>
         <value>0x4a15</value>
         <object_component_ref idref="oc-c3"/>
      </symbol>
      <symbol id="sm-7d7">
         <name>GPIO_ExternalEdgeTriggeredInterruptInit</name>
         <value>0x4af3</value>
         <object_component_ref idref="oc-c3"/>
      </symbol>
      <symbol id="sm-7d8">
         <name>GPIO_BlueLedOff</name>
         <value>0x49fd</value>
         <object_component_ref idref="oc-c3"/>
      </symbol>
      <symbol id="sm-7d9">
         <name>GPIO_SW1EdgeTriggeredInterruptInit</name>
         <value>0x4a57</value>
         <object_component_ref idref="oc-c3"/>
      </symbol>
      <symbol id="sm-7da">
         <name>GPIO_GreenLedOff</name>
         <value>0x4a09</value>
         <object_component_ref idref="oc-c3"/>
      </symbol>
      <symbol id="sm-7db">
         <name>GPIO_GreenLedToggle</name>
         <value>0x4a2d</value>
         <object_component_ref idref="oc-c3"/>
      </symbol>
      <symbol id="sm-7dc">
         <name>GPIO_RedLedOff</name>
         <value>0x49f1</value>
         <object_component_ref idref="oc-c3"/>
      </symbol>
      <symbol id="sm-7dd">
         <name>GPIO_BlueLedOn</name>
         <value>0x49d9</value>
         <object_component_ref idref="oc-c3"/>
      </symbol>
      <symbol id="sm-7de">
         <name>GPIO_RedLedOn</name>
         <value>0x49cd</value>
         <object_component_ref idref="oc-c3"/>
      </symbol>
      <symbol id="sm-7f0">
         <name>GPTM_WTimer0Init</name>
         <value>0x5a19</value>
         <object_component_ref idref="oc-b1"/>
      </symbol>
      <symbol id="sm-7f1">
         <name>GPTM_WTimer0Read</name>
         <value>0x5a49</value>
         <object_component_ref idref="oc-b1"/>
      </symbol>
      <symbol id="sm-81f">
         <name>UART0_SendInteger</name>
         <value>0x53b5</value>
         <object_component_ref idref="oc-b7"/>
      </symbol>
      <symbol id="sm-820">
         <name>UART0_ReceiveByte</name>
         <value>0x537f</value>
         <object_component_ref idref="oc-b7"/>
      </symbol>
      <symbol id="sm-821">
         <name>UART0_SendByte</name>
         <value>0x5363</value>
         <object_component_ref idref="oc-b7"/>
      </symbol>
      <symbol id="sm-822">
         <name>UART0_Init</name>
         <value>0x5323</value>
         <object_component_ref idref="oc-b7"/>
      </symbol>
      <symbol id="sm-823">
         <name>UART0_SendString</name>
         <value>0x538f</value>
         <object_component_ref idref="oc-b7"/>
      </symbol>
      <symbol id="sm-82e">
         <name>__aeabi_dmul</name>
         <value>0x55bf</value>
         <object_component_ref idref="oc-e3"/>
      </symbol>
      <symbol id="sm-838">
         <name>__aeabi_d2uiz</name>
         <value>0x5ab1</value>
         <object_component_ref idref="oc-e8"/>
      </symbol>
      <symbol id="sm-841">
         <name>__aeabi_lmul</name>
         <value>0x5b49</value>
         <object_component_ref idref="oc-a0"/>
      </symbol>
      <symbol id="sm-85c">
         <name>memcpy</name>
         <value>0x5797</value>
         <object_component_ref idref="oc-4c"/>
      </symbol>
      <symbol id="sm-85d">
         <name>__aeabi_memcpy</name>
         <value>0x5797</value>
         <object_component_ref idref="oc-4c"/>
      </symbol>
      <symbol id="sm-85e">
         <name>__aeabi_memcpy8</name>
         <value>0x5797</value>
         <object_component_ref idref="oc-4c"/>
      </symbol>
      <symbol id="sm-85f">
         <name>__aeabi_memcpy4</name>
         <value>0x5797</value>
         <object_component_ref idref="oc-4c"/>
      </symbol>
      <symbol id="sm-869">
         <name>__aeabi_ui2d</name>
         <value>0x5b29</value>
         <object_component_ref idref="oc-de"/>
      </symbol>
      <symbol id="sm-878">
         <name>__aeabi_memset</name>
         <value>0x58cb</value>
         <object_component_ref idref="oc-11e"/>
      </symbol>
      <symbol id="sm-879">
         <name>memset</name>
         <value>0x58d1</value>
         <object_component_ref idref="oc-11e"/>
      </symbol>
      <symbol id="sm-87a">
         <name>__aeabi_memset8</name>
         <value>0x58cb</value>
         <object_component_ref idref="oc-11e"/>
      </symbol>
      <symbol id="sm-87b">
         <name>__aeabi_memset4</name>
         <value>0x58cb</value>
         <object_component_ref idref="oc-11e"/>
      </symbol>
      <symbol id="sm-87c">
         <name>__aeabi_memclr8</name>
         <value>0x58c9</value>
         <object_component_ref idref="oc-11e"/>
      </symbol>
      <symbol id="sm-87d">
         <name>__aeabi_memclr4</name>
         <value>0x58c9</value>
         <object_component_ref idref="oc-11e"/>
      </symbol>
      <symbol id="sm-87e">
         <name>__aeabi_memclr</name>
         <value>0x58c9</value>
         <object_component_ref idref="oc-11e"/>
      </symbol>
      <symbol id="sm-88c">
         <name>__aeabi_ldivmod</name>
         <value>0x5943</value>
         <object_component_ref idref="oc-199"/>
      </symbol>
      <symbol id="sm-899">
         <name>__aeabi_uldivmod</name>
         <value>0x5833</value>
         <object_component_ref idref="oc-263"/>
      </symbol>
      <symbol id="sm-8b0">
         <name>__TI_zero_init</name>
         <value>0x5b6f</value>
         <object_component_ref idref="oc-5e"/>
      </symbol>
      <symbol id="sm-8c7">
         <name>__TI_decompress_none</name>
         <value>0x5b61</value>
         <object_component_ref idref="oc-1b"/>
      </symbol>
      <symbol id="sm-8ea">
         <name>__TI_decompress_lzss</name>
         <value>0x59b1</value>
         <object_component_ref idref="oc-15"/>
      </symbol>
      <symbol id="sm-8fd">
         <name>__stack</name>
         <value>0x20003dc0</value>
         <object_component_ref idref="oc-24"/>
      </symbol>
      <symbol id="sm-8fe">
         <name>_c_int00_noargs</name>
         <value>0x5af5</value>
         <object_component_ref idref="oc-6a"/>
      </symbol>
      <symbol id="sm-908">
         <name>__aeabi_idiv0</name>
         <value>0x2ff7</value>
         <object_component_ref idref="oc-25e"/>
      </symbol>
      <symbol id="sm-909">
         <name>__aeabi_ldiv0</name>
         <value>0x2ff7</value>
         <object_component_ref idref="oc-25e"/>
      </symbol>
      <symbol id="sm-931">
         <name>__TI_auto_init_nobinit_nopinit</name>
         <value>0x5a6d</value>
         <object_component_ref idref="oc-1ed"/>
      </symbol>
      <symbol id="sm-93b">
         <name>_system_pre_init</name>
         <value>0x5b87</value>
         <object_component_ref idref="oc-124"/>
      </symbol>
      <symbol id="sm-947">
         <name>C$$EXIT</name>
         <value>0x5b8b</value>
         <object_component_ref idref="oc-1e1"/>
      </symbol>
      <symbol id="sm-948">
         <name>abort</name>
         <value>0x5b8b</value>
         <object_component_ref idref="oc-1e1"/>
      </symbol>
      <symbol id="sm-94b">
         <name>__TI_static_base__</name>
         <value>0x0</value>
      </symbol>
      <symbol id="sm-94e">
         <name>__mpu_init</name>
         <value>0x0</value>
      </symbol>
      <symbol id="sm-94f">
         <name>_system_post_cinit</name>
         <value>0x0</value>
      </symbol>
   </symbol_table>
   <title>Link successful</title>
</link_info>
